exports[`profilePageReducer returns the initial state 1`] = `
Object {
  "activeItem": "writtenAnswers",
  "isContentsLoading": true,
  "isCredentialFormModalOpened": false,
  "isProfilePageError": false,
  "isProfilePageLoading": true,
  "profile": null,
  "questions": Array [],
  "questionsCursor": null,
  "topics": Array [],
  "users": Array [],
}
`;
